// Vitest Snapshot v1, https://vitest.dev/guide/snapshot.html

exports[`BaseButton > defined 1`] = `
<button
  className="bg-sky-500 hover:bg-sky-600 text-white py-2 px-4 rounded "
  type="button"
>
  Submit
</button>
`;
